ARM Linker, 5.03 [Build 76] [MDK-ARM Professional]

==============================================================================

Section Cross References

    startup_stm32f10x_hd.o(RESET) refers to startup_stm32f10x_hd.o(STACK) for __initial_sp
    startup_stm32f10x_hd.o(RESET) refers to startup_stm32f10x_hd.o(.text) for Reset_Handler
    startup_stm32f10x_hd.o(RESET) refers to stm32f10x_it.o(.text) for WWDG_IRQHandler
    startup_stm32f10x_hd.o(.text) refers to system_stm32f10x.o(.text) for SystemInit
    startup_stm32f10x_hd.o(.text) refers to entry.o(.ARM.Collect$$$$00000000) for __main
    stm32f10x_adc.o(.text) refers to stm32f10x_rcc.o(.text) for RCC_APB2PeriphResetCmd
    stm32f10x_bkp.o(.text) refers to stm32f10x_rcc.o(.text) for RCC_BackupResetCmd
    stm32f10x_can.o(.text) refers to stm32f10x_rcc.o(.text) for RCC_APB1PeriphResetCmd
    stm32f10x_cec.o(.text) refers to stm32f10x_rcc.o(.text) for RCC_APB1PeriphResetCmd
    stm32f10x_dac.o(.text) refers to stm32f10x_rcc.o(.text) for RCC_APB1PeriphResetCmd
    stm32f10x_gpio.o(.text) refers to stm32f10x_rcc.o(.text) for RCC_APB2PeriphResetCmd
    stm32f10x_i2c.o(.text) refers to stm32f10x_rcc.o(.text) for RCC_APB1PeriphResetCmd
    stm32f10x_pwr.o(.text) refers to stm32f10x_rcc.o(.text) for RCC_APB1PeriphResetCmd
    stm32f10x_rcc.o(.text) refers to stm32f10x_rcc.o(.data) for APBAHBPrescTable
    stm32f10x_spi.o(.text) refers to stm32f10x_rcc.o(.text) for RCC_APB2PeriphResetCmd
    stm32f10x_tim.o(.text) refers to stm32f10x_rcc.o(.text) for RCC_APB2PeriphResetCmd
    stm32f10x_usart.o(.text) refers to stm32f10x_rcc.o(.text) for RCC_APB2PeriphResetCmd
    stm32f10x_wwdg.o(.text) refers to stm32f10x_rcc.o(.text) for RCC_APB1PeriphResetCmd
    system_stm32f10x.o(.text) refers to system_stm32f10x.o(.data) for SystemCoreClock
    main.o(.text) refers to usart.o(.text) for UARTInit
    main.o(.text) refers to ads.o(.text) for ADS1256_Init
    main.o(.text) refers to app_ads.o(.text) for PackCPTSensorData
    main.o(.text) refers to public.o(.text) for DelayNumUs
    main.o(.text) refers to printfa.o(i.__0printf) for __2printf
    main.o(.text) refers to app_ads.o(.bss) for CPTSensorString
    usart.o(.text) refers to stm32f10x_usart.o(.text) for USART_SendData
    usart.o(.text) refers to stm32f10x_rcc.o(.text) for RCC_APB2PeriphClockCmd
    usart.o(.text) refers to stm32f10x_gpio.o(.text) for GPIO_Init
    spi.o(.text) refers to stm32f10x_rcc.o(.text) for RCC_APB2PeriphClockCmd
    spi.o(.text) refers to stm32f10x_gpio.o(.text) for GPIO_Init
    spi.o(.text) refers to stm32f10x_spi.o(.text) for SPI_Init
    ads.o(.text) refers to stm32f10x_rcc.o(.text) for RCC_APB2PeriphClockCmd
    ads.o(.text) refers to stm32f10x_gpio.o(.text) for GPIO_Init
    ads.o(.text) refers to spi.o(.text) for SPI_WriteReadByte
    ads.o(.text) refers to public.o(.text) for DelayNumUs
    app_ads.o(.text) refers to ads.o(.text) for ADS1256_ReadOneChannelValue
    app_ads.o(.text) refers to public.o(.text) for QuickSort
    app_ads.o(.text) refers to dflti.o(.text) for __aeabi_i2d
    app_ads.o(.text) refers to printfa.o(i.__0sprintf) for __2sprintf
    app_ads.o(.text) refers to strcat.o(.text) for strcat
    app_ads.o(.text) refers to printfa.o(i.__0printf) for __2printf
    app_ads.o(.text) refers to dmul.o(.text) for __aeabi_dmul
    app_ads.o(.text) refers to memseta.o(.text) for __aeabi_memclr4
    app_ads.o(.text) refers to strlen.o(.text) for strlen
    app_ads.o(.text) refers to memcpya.o(.text) for __aeabi_memcpy
    app_ads.o(.text) refers to app_ads.o(.data) for SF_Bias
    app_ads.o(.text) refers to app_ads.o(.bss) for CPTSensorString
    entry.o(.ARM.Collect$$$$00000000) refers (Special) to entry10a.o(.ARM.Collect$$$$0000000D) for __rt_final_cpp
    entry.o(.ARM.Collect$$$$00000000) refers (Special) to entry11a.o(.ARM.Collect$$$$0000000F) for __rt_final_exit
    entry.o(.ARM.Collect$$$$00000000) refers (Special) to entry7b.o(.ARM.Collect$$$$00000008) for _main_clock
    entry.o(.ARM.Collect$$$$00000000) refers (Special) to entry8b.o(.ARM.Collect$$$$0000000A) for _main_cpp_init
    entry.o(.ARM.Collect$$$$00000000) refers (Special) to entry9a.o(.ARM.Collect$$$$0000000B) for _main_init
    entry.o(.ARM.Collect$$$$00000000) refers (Special) to entry5.o(.ARM.Collect$$$$00000004) for _main_scatterload
    entry.o(.ARM.Collect$$$$00000000) refers (Special) to entry2.o(.ARM.Collect$$$$00000001) for _main_stk
    printfb.o(i.__0fprintf$bare) refers to printfb.o(i._printf_core) for _printf_core
    printfb.o(i.__0fprintf$bare) refers to usart.o(.text) for fputc
    printfb.o(i.__0printf$bare) refers to printfb.o(i._printf_core) for _printf_core
    printfb.o(i.__0printf$bare) refers to usart.o(.text) for fputc
    printfb.o(i.__0printf$bare) refers to stdout.o(.data) for __stdout
    printfb.o(i.__0snprintf$bare) refers to printfb.o(i._printf_core) for _printf_core
    printfb.o(i.__0snprintf$bare) refers to printfb.o(i._snputc) for _snputc
    printfb.o(i.__0sprintf$bare) refers to printfb.o(i._printf_core) for _printf_core
    printfb.o(i.__0sprintf$bare) refers to printfb.o(i._sputc) for _sputc
    printfb.o(i.__0vfprintf$bare) refers to printfb.o(i._printf_core) for _printf_core
    printfb.o(i.__0vfprintf$bare) refers to usart.o(.text) for fputc
    printfb.o(i.__0vprintf$bare) refers to printfb.o(i._printf_core) for _printf_core
    printfb.o(i.__0vprintf$bare) refers to usart.o(.text) for fputc
    printfb.o(i.__0vprintf$bare) refers to stdout.o(.data) for __stdout
    printfb.o(i.__0vsnprintf$bare) refers to printfb.o(i._printf_core) for _printf_core
    printfb.o(i.__0vsnprintf$bare) refers to printfb.o(i._snputc) for _snputc
    printfb.o(i.__0vsprintf$bare) refers to printfb.o(i._printf_core) for _printf_core
    printfb.o(i.__0vsprintf$bare) refers to printfb.o(i._sputc) for _sputc
    printf0.o(i.__0fprintf$0) refers to printf0.o(i._printf_core) for _printf_core
    printf0.o(i.__0fprintf$0) refers to usart.o(.text) for fputc
    printf0.o(i.__0printf$0) refers to printf0.o(i._printf_core) for _printf_core
    printf0.o(i.__0printf$0) refers to usart.o(.text) for fputc
    printf0.o(i.__0printf$0) refers to stdout.o(.data) for __stdout
    printf0.o(i.__0snprintf$0) refers to printf0.o(i._printf_core) for _printf_core
    printf0.o(i.__0snprintf$0) refers to printf0.o(i._snputc) for _snputc
    printf0.o(i.__0sprintf$0) refers to printf0.o(i._printf_core) for _printf_core
    printf0.o(i.__0sprintf$0) refers to printf0.o(i._sputc) for _sputc
    printf0.o(i.__0vfprintf$0) refers to printf0.o(i._printf_core) for _printf_core
    printf0.o(i.__0vfprintf$0) refers to usart.o(.text) for fputc
    printf0.o(i.__0vprintf$0) refers to printf0.o(i._printf_core) for _printf_core
    printf0.o(i.__0vprintf$0) refers to usart.o(.text) for fputc
    printf0.o(i.__0vprintf$0) refers to stdout.o(.data) for __stdout
    printf0.o(i.__0vsnprintf$0) refers to printf0.o(i._printf_core) for _printf_core
    printf0.o(i.__0vsnprintf$0) refers to printf0.o(i._snputc) for _snputc
    printf0.o(i.__0vsprintf$0) refers to printf0.o(i._printf_core) for _printf_core
    printf0.o(i.__0vsprintf$0) refers to printf0.o(i._sputc) for _sputc
    printf1.o(i.__0fprintf$1) refers to printf1.o(i._printf_core) for _printf_core
    printf1.o(i.__0fprintf$1) refers to usart.o(.text) for fputc
    printf1.o(i.__0printf$1) refers to printf1.o(i._printf_core) for _printf_core
    printf1.o(i.__0printf$1) refers to usart.o(.text) for fputc
    printf1.o(i.__0printf$1) refers to stdout.o(.data) for __stdout
    printf1.o(i.__0snprintf$1) refers to printf1.o(i._printf_core) for _printf_core
    printf1.o(i.__0snprintf$1) refers to printf1.o(i._snputc) for _snputc
    printf1.o(i.__0sprintf$1) refers to printf1.o(i._printf_core) for _printf_core
    printf1.o(i.__0sprintf$1) refers to printf1.o(i._sputc) for _sputc
    printf1.o(i.__0vfprintf$1) refers to printf1.o(i._printf_core) for _printf_core
    printf1.o(i.__0vfprintf$1) refers to usart.o(.text) for fputc
    printf1.o(i.__0vprintf$1) refers to printf1.o(i._printf_core) for _printf_core
    printf1.o(i.__0vprintf$1) refers to usart.o(.text) for fputc
    printf1.o(i.__0vprintf$1) refers to stdout.o(.data) for __stdout
    printf1.o(i.__0vsnprintf$1) refers to printf1.o(i._printf_core) for _printf_core
    printf1.o(i.__0vsnprintf$1) refers to printf1.o(i._snputc) for _snputc
    printf1.o(i.__0vsprintf$1) refers to printf1.o(i._printf_core) for _printf_core
    printf1.o(i.__0vsprintf$1) refers to printf1.o(i._sputc) for _sputc
    printf1.o(i._printf_core) refers to uidiv.o(.text) for __aeabi_uidivmod
    printf2.o(i.__0fprintf$2) refers to printf2.o(i._printf_core) for _printf_core
    printf2.o(i.__0fprintf$2) refers to usart.o(.text) for fputc
    printf2.o(i.__0printf$2) refers to printf2.o(i._printf_core) for _printf_core
    printf2.o(i.__0printf$2) refers to usart.o(.text) for fputc
    printf2.o(i.__0printf$2) refers to stdout.o(.data) for __stdout
    printf2.o(i.__0snprintf$2) refers to printf2.o(i._printf_core) for _printf_core
    printf2.o(i.__0snprintf$2) refers to printf2.o(i._snputc) for _snputc
    printf2.o(i.__0sprintf$2) refers to printf2.o(i._printf_core) for _printf_core
    printf2.o(i.__0sprintf$2) refers to printf2.o(i._sputc) for _sputc
    printf2.o(i.__0vfprintf$2) refers to printf2.o(i._printf_core) for _printf_core
    printf2.o(i.__0vfprintf$2) refers to usart.o(.text) for fputc
    printf2.o(i.__0vprintf$2) refers to printf2.o(i._printf_core) for _printf_core
    printf2.o(i.__0vprintf$2) refers to usart.o(.text) for fputc
    printf2.o(i.__0vprintf$2) refers to stdout.o(.data) for __stdout
    printf2.o(i.__0vsnprintf$2) refers to printf2.o(i._printf_core) for _printf_core
    printf2.o(i.__0vsnprintf$2) refers to printf2.o(i._snputc) for _snputc
    printf2.o(i.__0vsprintf$2) refers to printf2.o(i._printf_core) for _printf_core
    printf2.o(i.__0vsprintf$2) refers to printf2.o(i._sputc) for _sputc
    printf3.o(i.__0fprintf$3) refers to printf3.o(i._printf_core) for _printf_core
    printf3.o(i.__0fprintf$3) refers to usart.o(.text) for fputc
    printf3.o(i.__0printf$3) refers to printf3.o(i._printf_core) for _printf_core
    printf3.o(i.__0printf$3) refers to usart.o(.text) for fputc
    printf3.o(i.__0printf$3) refers to stdout.o(.data) for __stdout
    printf3.o(i.__0snprintf$3) refers to printf3.o(i._printf_core) for _printf_core
    printf3.o(i.__0snprintf$3) refers to printf3.o(i._snputc) for _snputc
    printf3.o(i.__0sprintf$3) refers to printf3.o(i._printf_core) for _printf_core
    printf3.o(i.__0sprintf$3) refers to printf3.o(i._sputc) for _sputc
    printf3.o(i.__0vfprintf$3) refers to printf3.o(i._printf_core) for _printf_core
    printf3.o(i.__0vfprintf$3) refers to usart.o(.text) for fputc
    printf3.o(i.__0vprintf$3) refers to printf3.o(i._printf_core) for _printf_core
    printf3.o(i.__0vprintf$3) refers to usart.o(.text) for fputc
    printf3.o(i.__0vprintf$3) refers to stdout.o(.data) for __stdout
    printf3.o(i.__0vsnprintf$3) refers to printf3.o(i._printf_core) for _printf_core
    printf3.o(i.__0vsnprintf$3) refers to printf3.o(i._snputc) for _snputc
    printf3.o(i.__0vsprintf$3) refers to printf3.o(i._printf_core) for _printf_core
    printf3.o(i.__0vsprintf$3) refers to printf3.o(i._sputc) for _sputc
    printf3.o(i._printf_core) refers to uidiv.o(.text) for __aeabi_uidivmod
    printf4.o(i.__0fprintf$4) refers to printf4.o(i._printf_core) for _printf_core
    printf4.o(i.__0fprintf$4) refers to usart.o(.text) for fputc
    printf4.o(i.__0printf$4) refers to printf4.o(i._printf_core) for _printf_core
    printf4.o(i.__0printf$4) refers to usart.o(.text) for fputc
    printf4.o(i.__0printf$4) refers to stdout.o(.data) for __stdout
    printf4.o(i.__0snprintf$4) refers to printf4.o(i._printf_core) for _printf_core
    printf4.o(i.__0snprintf$4) refers to printf4.o(i._snputc) for _snputc
    printf4.o(i.__0sprintf$4) refers to printf4.o(i._printf_core) for _printf_core
    printf4.o(i.__0sprintf$4) refers to printf4.o(i._sputc) for _sputc
    printf4.o(i.__0vfprintf$4) refers to printf4.o(i._printf_core) for _printf_core
    printf4.o(i.__0vfprintf$4) refers to usart.o(.text) for fputc
    printf4.o(i.__0vprintf$4) refers to printf4.o(i._printf_core) for _printf_core
    printf4.o(i.__0vprintf$4) refers to usart.o(.text) for fputc
    printf4.o(i.__0vprintf$4) refers to stdout.o(.data) for __stdout
    printf4.o(i.__0vsnprintf$4) refers to printf4.o(i._printf_core) for _printf_core
    printf4.o(i.__0vsnprintf$4) refers to printf4.o(i._snputc) for _snputc
    printf4.o(i.__0vsprintf$4) refers to printf4.o(i._printf_core) for _printf_core
    printf4.o(i.__0vsprintf$4) refers to printf4.o(i._sputc) for _sputc
    printf4.o(i._printf_core) refers to uldiv.o(.text) for __aeabi_uldivmod
    printf5.o(i.__0fprintf$5) refers to printf5.o(i._printf_core) for _printf_core
    printf5.o(i.__0fprintf$5) refers to usart.o(.text) for fputc
    printf5.o(i.__0printf$5) refers to printf5.o(i._printf_core) for _printf_core
    printf5.o(i.__0printf$5) refers to usart.o(.text) for fputc
    printf5.o(i.__0printf$5) refers to stdout.o(.data) for __stdout
    printf5.o(i.__0snprintf$5) refers to printf5.o(i._printf_core) for _printf_core
    printf5.o(i.__0snprintf$5) refers to printf5.o(i._snputc) for _snputc
    printf5.o(i.__0sprintf$5) refers to printf5.o(i._printf_core) for _printf_core
    printf5.o(i.__0sprintf$5) refers to printf5.o(i._sputc) for _sputc
    printf5.o(i.__0vfprintf$5) refers to printf5.o(i._printf_core) for _printf_core
    printf5.o(i.__0vfprintf$5) refers to usart.o(.text) for fputc
    printf5.o(i.__0vprintf$5) refers to printf5.o(i._printf_core) for _printf_core
    printf5.o(i.__0vprintf$5) refers to usart.o(.text) for fputc
    printf5.o(i.__0vprintf$5) refers to stdout.o(.data) for __stdout
    printf5.o(i.__0vsnprintf$5) refers to printf5.o(i._printf_core) for _printf_core
    printf5.o(i.__0vsnprintf$5) refers to printf5.o(i._snputc) for _snputc
    printf5.o(i.__0vsprintf$5) refers to printf5.o(i._printf_core) for _printf_core
    printf5.o(i.__0vsprintf$5) refers to printf5.o(i._sputc) for _sputc
    printf5.o(i._printf_core) refers to uldiv.o(.text) for __aeabi_uldivmod
    printf6.o(i.__0fprintf$6) refers to printf6.o(i._printf_core) for _printf_core
    printf6.o(i.__0fprintf$6) refers to usart.o(.text) for fputc
    printf6.o(i.__0printf$6) refers to printf6.o(i._printf_core) for _printf_core
    printf6.o(i.__0printf$6) refers to usart.o(.text) for fputc
    printf6.o(i.__0printf$6) refers to stdout.o(.data) for __stdout
    printf6.o(i.__0snprintf$6) refers to printf6.o(i._printf_core) for _printf_core
    printf6.o(i.__0snprintf$6) refers to printf6.o(i._snputc) for _snputc
    printf6.o(i.__0sprintf$6) refers to printf6.o(i._printf_core) for _printf_core
    printf6.o(i.__0sprintf$6) refers to printf6.o(i._sputc) for _sputc
    printf6.o(i.__0vfprintf$6) refers to printf6.o(i._printf_core) for _printf_core
    printf6.o(i.__0vfprintf$6) refers to usart.o(.text) for fputc
    printf6.o(i.__0vprintf$6) refers to printf6.o(i._printf_core) for _printf_core
    printf6.o(i.__0vprintf$6) refers to usart.o(.text) for fputc
    printf6.o(i.__0vprintf$6) refers to stdout.o(.data) for __stdout
    printf6.o(i.__0vsnprintf$6) refers to printf6.o(i._printf_core) for _printf_core
    printf6.o(i.__0vsnprintf$6) refers to printf6.o(i._snputc) for _snputc
    printf6.o(i.__0vsprintf$6) refers to printf6.o(i._printf_core) for _printf_core
    printf6.o(i.__0vsprintf$6) refers to printf6.o(i._sputc) for _sputc
    printf6.o(i._printf_core) refers to printf6.o(i._printf_pre_padding) for _printf_pre_padding
    printf6.o(i._printf_core) refers to uidiv.o(.text) for __aeabi_uidivmod
    printf6.o(i._printf_core) refers to printf6.o(i._printf_post_padding) for _printf_post_padding
    printf7.o(i.__0fprintf$7) refers to printf7.o(i._printf_core) for _printf_core
    printf7.o(i.__0fprintf$7) refers to usart.o(.text) for fputc
    printf7.o(i.__0printf$7) refers to printf7.o(i._printf_core) for _printf_core
    printf7.o(i.__0printf$7) refers to usart.o(.text) for fputc
    printf7.o(i.__0printf$7) refers to stdout.o(.data) for __stdout
    printf7.o(i.__0snprintf$7) refers to printf7.o(i._printf_core) for _printf_core
    printf7.o(i.__0snprintf$7) refers to printf7.o(i._snputc) for _snputc
    printf7.o(i.__0sprintf$7) refers to printf7.o(i._printf_core) for _printf_core
    printf7.o(i.__0sprintf$7) refers to printf7.o(i._sputc) for _sputc
    printf7.o(i.__0vfprintf$7) refers to printf7.o(i._printf_core) for _printf_core
    printf7.o(i.__0vfprintf$7) refers to usart.o(.text) for fputc
    printf7.o(i.__0vprintf$7) refers to printf7.o(i._printf_core) for _printf_core
    printf7.o(i.__0vprintf$7) refers to usart.o(.text) for fputc
    printf7.o(i.__0vprintf$7) refers to stdout.o(.data) for __stdout
    printf7.o(i.__0vsnprintf$7) refers to printf7.o(i._printf_core) for _printf_core
    printf7.o(i.__0vsnprintf$7) refers to printf7.o(i._snputc) for _snputc
    printf7.o(i.__0vsprintf$7) refers to printf7.o(i._printf_core) for _printf_core
    printf7.o(i.__0vsprintf$7) refers to printf7.o(i._sputc) for _sputc
    printf7.o(i._printf_core) refers to printf7.o(i._printf_pre_padding) for _printf_pre_padding
    printf7.o(i._printf_core) refers to uldiv.o(.text) for __aeabi_uldivmod
    printf7.o(i._printf_core) refers to printf7.o(i._printf_post_padding) for _printf_post_padding
    printf8.o(i.__0fprintf$8) refers to printf8.o(i._printf_core) for _printf_core
    printf8.o(i.__0fprintf$8) refers to usart.o(.text) for fputc
    printf8.o(i.__0printf$8) refers to printf8.o(i._printf_core) for _printf_core
    printf8.o(i.__0printf$8) refers to usart.o(.text) for fputc
    printf8.o(i.__0printf$8) refers to stdout.o(.data) for __stdout
    printf8.o(i.__0snprintf$8) refers to printf8.o(i._printf_core) for _printf_core
    printf8.o(i.__0snprintf$8) refers to printf8.o(i._snputc) for _snputc
    printf8.o(i.__0sprintf$8) refers to printf8.o(i._printf_core) for _printf_core
    printf8.o(i.__0sprintf$8) refers to printf8.o(i._sputc) for _sputc
    printf8.o(i.__0vfprintf$8) refers to printf8.o(i._printf_core) for _printf_core
    printf8.o(i.__0vfprintf$8) refers to usart.o(.text) for fputc
    printf8.o(i.__0vprintf$8) refers to printf8.o(i._printf_core) for _printf_core
    printf8.o(i.__0vprintf$8) refers to usart.o(.text) for fputc
    printf8.o(i.__0vprintf$8) refers to stdout.o(.data) for __stdout
    printf8.o(i.__0vsnprintf$8) refers to printf8.o(i._printf_core) for _printf_core
    printf8.o(i.__0vsnprintf$8) refers to printf8.o(i._snputc) for _snputc
    printf8.o(i.__0vsprintf$8) refers to printf8.o(i._printf_core) for _printf_core
    printf8.o(i.__0vsprintf$8) refers to printf8.o(i._sputc) for _sputc
    printf8.o(i._printf_core) refers to printf8.o(i._printf_pre_padding) for _printf_pre_padding
    printf8.o(i._printf_core) refers to uldiv.o(.text) for __aeabi_uldivmod
    printf8.o(i._printf_core) refers to printf8.o(i._printf_post_padding) for _printf_post_padding
    printfa.o(i.__0fprintf) refers (Special) to iusefp.o(.text) for __I$use$fp
    printfa.o(i.__0fprintf) refers to printfa.o(i._printf_core) for _printf_core
    printfa.o(i.__0fprintf) refers to usart.o(.text) for fputc
    printfa.o(i.__0printf) refers (Special) to iusefp.o(.text) for __I$use$fp
    printfa.o(i.__0printf) refers to printfa.o(i._printf_core) for _printf_core
    printfa.o(i.__0printf) refers to usart.o(.text) for fputc
    printfa.o(i.__0printf) refers to stdout.o(.data) for __stdout
    printfa.o(i.__0snprintf) refers (Special) to iusefp.o(.text) for __I$use$fp
    printfa.o(i.__0snprintf) refers to printfa.o(i._printf_core) for _printf_core
    printfa.o(i.__0snprintf) refers to printfa.o(i._snputc) for _snputc
    printfa.o(i.__0sprintf) refers (Special) to iusefp.o(.text) for __I$use$fp
    printfa.o(i.__0sprintf) refers to printfa.o(i._printf_core) for _printf_core
    printfa.o(i.__0sprintf) refers to printfa.o(i._sputc) for _sputc
    printfa.o(i.__0vfprintf) refers (Special) to iusefp.o(.text) for __I$use$fp
    printfa.o(i.__0vfprintf) refers to printfa.o(i._printf_core) for _printf_core
    printfa.o(i.__0vfprintf) refers to usart.o(.text) for fputc
    printfa.o(i.__0vprintf) refers (Special) to iusefp.o(.text) for __I$use$fp
    printfa.o(i.__0vprintf) refers to printfa.o(i._printf_core) for _printf_core
    printfa.o(i.__0vprintf) refers to usart.o(.text) for fputc
    printfa.o(i.__0vprintf) refers to stdout.o(.data) for __stdout
    printfa.o(i.__0vsnprintf) refers (Special) to iusefp.o(.text) for __I$use$fp
    printfa.o(i.__0vsnprintf) refers to printfa.o(i._printf_core) for _printf_core
    printfa.o(i.__0vsnprintf) refers to printfa.o(i._snputc) for _snputc
    printfa.o(i.__0vsprintf) refers (Special) to iusefp.o(.text) for __I$use$fp
    printfa.o(i.__0vsprintf) refers to printfa.o(i._printf_core) for _printf_core
    printfa.o(i.__0vsprintf) refers to printfa.o(i._sputc) for _sputc
    printfa.o(i._fp_digits) refers (Special) to iusefp.o(.text) for __I$use$fp
    printfa.o(i._fp_digits) refers to dmul.o(.text) for __aeabi_dmul
    printfa.o(i._fp_digits) refers to ddiv.o(.text) for __aeabi_ddiv
    printfa.o(i._fp_digits) refers to cdrcmple.o(.text) for __aeabi_cdrcmple
    printfa.o(i._fp_digits) refers to dadd.o(.text) for __aeabi_dadd
    printfa.o(i._fp_digits) refers to dfixul.o(.text) for __aeabi_d2ulz
    printfa.o(i._fp_digits) refers to uldiv.o(.text) for __aeabi_uldivmod
    printfa.o(i._printf_core) refers (Special) to iusefp.o(.text) for __I$use$fp
    printfa.o(i._printf_core) refers to printfa.o(i._printf_pre_padding) for _printf_pre_padding
    printfa.o(i._printf_core) refers to uldiv.o(.text) for __aeabi_uldivmod
    printfa.o(i._printf_core) refers to printfa.o(i._printf_post_padding) for _printf_post_padding
    printfa.o(i._printf_core) refers to printfa.o(i._fp_digits) for _fp_digits
    printfa.o(i._printf_core) refers to uidiv.o(.text) for __aeabi_uidivmod
    printfa.o(i._printf_post_padding) refers (Special) to iusefp.o(.text) for __I$use$fp
    printfa.o(i._printf_pre_padding) refers (Special) to iusefp.o(.text) for __I$use$fp
    printfa.o(i._snputc) refers (Special) to iusefp.o(.text) for __I$use$fp
    printfa.o(i._sputc) refers (Special) to iusefp.o(.text) for __I$use$fp
    dmul.o(.text) refers (Special) to iusefp.o(.text) for __I$use$fp
    dmul.o(.text) refers to depilogue.o(.text) for _double_epilogue
    dflti.o(.text) refers (Special) to iusefp.o(.text) for __I$use$fp
    dflti.o(.text) refers to depilogue.o(.text) for _double_epilogue
    entry2.o(.ARM.Collect$$$$00000001) refers to entry2.o(.ARM.Collect$$$$00002712) for __lit__00000000
    entry2.o(.ARM.Collect$$$$00002712) refers to startup_stm32f10x_hd.o(STACK) for __initial_sp
    entry2.o(__vectab_stack_and_reset_area) refers to startup_stm32f10x_hd.o(STACK) for __initial_sp
    entry2.o(__vectab_stack_and_reset_area) refers to entry.o(.ARM.Collect$$$$00000000) for __main
    entry5.o(.ARM.Collect$$$$00000004) refers to init.o(.text) for __scatterload
    entry9a.o(.ARM.Collect$$$$0000000B) refers to main.o(.text) for main
    entry9b.o(.ARM.Collect$$$$0000000C) refers to main.o(.text) for main
    uldiv.o(.text) refers to llushr.o(.text) for __aeabi_llsr
    uldiv.o(.text) refers to llshl.o(.text) for __aeabi_llsl
    depilogue.o(.text) refers to llshl.o(.text) for __aeabi_llsl
    depilogue.o(.text) refers to llushr.o(.text) for __aeabi_llsr
    dadd.o(.text) refers to llshl.o(.text) for __aeabi_llsl
    dadd.o(.text) refers to llsshr.o(.text) for __aeabi_lasr
    dadd.o(.text) refers to depilogue.o(.text) for _double_epilogue
    ddiv.o(.text) refers to depilogue.o(.text) for _double_round
    dfixul.o(.text) refers to llushr.o(.text) for __aeabi_llsr
    dfixul.o(.text) refers to llshl.o(.text) for __aeabi_llsl
    init.o(.text) refers to entry5.o(.ARM.Collect$$$$00000004) for __main_after_scatterload


==============================================================================

Removing Unused input sections from the image.

    Removing startup_stm32f10x_hd.o(HEAP), (1024 bytes).
    Removing misc.o(.text), (220 bytes).
    Removing stm32f10x_adc.o(.text), (1102 bytes).
    Removing stm32f10x_bkp.o(.text), (196 bytes).
    Removing stm32f10x_can.o(.text), (2540 bytes).
    Removing stm32f10x_cec.o(.text), (288 bytes).
    Removing stm32f10x_crc.o(.text), (72 bytes).
    Removing stm32f10x_dac.o(.text), (396 bytes).
    Removing stm32f10x_dbgmcu.o(.text), (48 bytes).
    Removing stm32f10x_dma.o(.text), (592 bytes).
    Removing stm32f10x_exti.o(.text), (284 bytes).
    Removing stm32f10x_flash.o(.text), (1468 bytes).
    Removing stm32f10x_fsmc.o(.text), (1560 bytes).
    Removing stm32f10x_i2c.o(.text), (1028 bytes).
    Removing stm32f10x_iwdg.o(.text), (64 bytes).
    Removing stm32f10x_pwr.o(.text), (204 bytes).
    Removing stm32f10x_rtc.o(.text), (324 bytes).
    Removing stm32f10x_sdio.o(.text), (472 bytes).
    Removing stm32f10x_tim.o(.text), (3610 bytes).
    Removing stm32f10x_wwdg.o(.text), (136 bytes).
    Removing core_cm3.o(.emb_text), (32 bytes).
    Removing ads.o(.bss), (20 bytes).
    Removing ads.o(.data), (7 bytes).

23 unused section(s) (total 15687 bytes) removed from the image.

==============================================================================

Image Symbol Table

    Local Symbols

    Symbol Name                              Value     Ov Type        Size  Object(Section)

    ../clib/microlib/division.c              0x00000000   Number         0  uldiv.o ABSOLUTE
    ../clib/microlib/division.c              0x00000000   Number         0  uidiv.o ABSOLUTE
    ../clib/microlib/init/entry.s            0x00000000   Number         0  entry.o ABSOLUTE
    ../clib/microlib/init/entry.s            0x00000000   Number         0  entry11b.o ABSOLUTE
    ../clib/microlib/init/entry.s            0x00000000   Number         0  entry11a.o ABSOLUTE
    ../clib/microlib/init/entry.s            0x00000000   Number         0  entry2.o ABSOLUTE
    ../clib/microlib/init/entry.s            0x00000000   Number         0  entry5.o ABSOLUTE
    ../clib/microlib/init/entry.s            0x00000000   Number         0  entry7a.o ABSOLUTE
    ../clib/microlib/init/entry.s            0x00000000   Number         0  entry7b.o ABSOLUTE
    ../clib/microlib/init/entry.s            0x00000000   Number         0  entry8a.o ABSOLUTE
    ../clib/microlib/init/entry.s            0x00000000   Number         0  entry8b.o ABSOLUTE
    ../clib/microlib/init/entry.s            0x00000000   Number         0  entry9b.o ABSOLUTE
    ../clib/microlib/init/entry.s            0x00000000   Number         0  entry10a.o ABSOLUTE
    ../clib/microlib/init/entry.s            0x00000000   Number         0  entry9a.o ABSOLUTE
    ../clib/microlib/init/entry.s            0x00000000   Number         0  entry10b.o ABSOLUTE
    ../clib/microlib/longlong.c              0x00000000   Number         0  llsshr.o ABSOLUTE
    ../clib/microlib/longlong.c              0x00000000   Number         0  llushr.o ABSOLUTE
    ../clib/microlib/longlong.c              0x00000000   Number         0  llshl.o ABSOLUTE
    ../clib/microlib/printf/printf.c         0x00000000   Number         0  printfa.o ABSOLUTE
    ../clib/microlib/printf/printf.c         0x00000000   Number         0  printf1.o ABSOLUTE
    ../clib/microlib/printf/printf.c         0x00000000   Number         0  printf2.o ABSOLUTE
    ../clib/microlib/printf/printf.c         0x00000000   Number         0  printf0.o ABSOLUTE
    ../clib/microlib/printf/printf.c         0x00000000   Number         0  printf7.o ABSOLUTE
    ../clib/microlib/printf/printf.c         0x00000000   Number         0  printf3.o ABSOLUTE
    ../clib/microlib/printf/printf.c         0x00000000   Number         0  printf8.o ABSOLUTE
    ../clib/microlib/printf/printf.c         0x00000000   Number         0  printf6.o ABSOLUTE
    ../clib/microlib/printf/printf.c         0x00000000   Number         0  printf5.o ABSOLUTE
    ../clib/microlib/printf/printf.c         0x00000000   Number         0  printf4.o ABSOLUTE
    ../clib/microlib/printf/printf.c         0x00000000   Number         0  printfb.o ABSOLUTE
    ../clib/microlib/printf/stubs.s          0x00000000   Number         0  stubs.o ABSOLUTE
    ../clib/microlib/stdio/streams.c         0x00000000   Number         0  stdout.o ABSOLUTE
    ../clib/microlib/string/memcpy.c         0x00000000   Number         0  memcpya.o ABSOLUTE
    ../clib/microlib/string/memcpy.c         0x00000000   Number         0  memcpyb.o ABSOLUTE
    ../clib/microlib/string/memset.c         0x00000000   Number         0  memseta.o ABSOLUTE
    ../clib/microlib/string/strcat.c         0x00000000   Number         0  strcat.o ABSOLUTE
    ../clib/microlib/string/strlen.c         0x00000000   Number         0  strlen.o ABSOLUTE
    ../clib/microlib/stubs.s                 0x00000000   Number         0  iusefp.o ABSOLUTE
    ../fplib/microlib/fpadd.c                0x00000000   Number         0  dadd.o ABSOLUTE
    ../fplib/microlib/fpdiv.c                0x00000000   Number         0  ddiv.o ABSOLUTE
    ../fplib/microlib/fpepilogue.c           0x00000000   Number         0  depilogue.o ABSOLUTE
    ../fplib/microlib/fpfix.c                0x00000000   Number         0  dfixul.o ABSOLUTE
    ../fplib/microlib/fpflt.c                0x00000000   Number         0  dflti.o ABSOLUTE
    ../fplib/microlib/fpmul.c                0x00000000   Number         0  dmul.o ABSOLUTE
    ..\..\CMSIS\core_cm3.c                   0x00000000   Number         0  core_cm3.o ABSOLUTE
    ..\..\CMSIS\system_stm32f10x.c           0x00000000   Number         0  system_stm32f10x.o ABSOLUTE
    ..\..\FWLIB\src\misc.c                   0x00000000   Number         0  misc.o ABSOLUTE
    ..\..\FWLIB\src\stm32f10x_adc.c          0x00000000   Number         0  stm32f10x_adc.o ABSOLUTE
    ..\..\FWLIB\src\stm32f10x_bkp.c          0x00000000   Number         0  stm32f10x_bkp.o ABSOLUTE
    ..\..\FWLIB\src\stm32f10x_can.c          0x00000000   Number         0  stm32f10x_can.o ABSOLUTE
    ..\..\FWLIB\src\stm32f10x_cec.c          0x00000000   Number         0  stm32f10x_cec.o ABSOLUTE
    ..\..\FWLIB\src\stm32f10x_crc.c          0x00000000   Number         0  stm32f10x_crc.o ABSOLUTE
    ..\..\FWLIB\src\stm32f10x_dac.c          0x00000000   Number         0  stm32f10x_dac.o ABSOLUTE
    ..\..\FWLIB\src\stm32f10x_dbgmcu.c       0x00000000   Number         0  stm32f10x_dbgmcu.o ABSOLUTE
    ..\..\FWLIB\src\stm32f10x_dma.c          0x00000000   Number         0  stm32f10x_dma.o ABSOLUTE
    ..\..\FWLIB\src\stm32f10x_exti.c         0x00000000   Number         0  stm32f10x_exti.o ABSOLUTE
    ..\..\FWLIB\src\stm32f10x_flash.c        0x00000000   Number         0  stm32f10x_flash.o ABSOLUTE
    ..\..\FWLIB\src\stm32f10x_fsmc.c         0x00000000   Number         0  stm32f10x_fsmc.o ABSOLUTE
    ..\..\FWLIB\src\stm32f10x_gpio.c         0x00000000   Number         0  stm32f10x_gpio.o ABSOLUTE
    ..\..\FWLIB\src\stm32f10x_i2c.c          0x00000000   Number         0  stm32f10x_i2c.o ABSOLUTE
    ..\..\FWLIB\src\stm32f10x_iwdg.c         0x00000000   Number         0  stm32f10x_iwdg.o ABSOLUTE
    ..\..\FWLIB\src\stm32f10x_pwr.c          0x00000000   Number         0  stm32f10x_pwr.o ABSOLUTE
    ..\..\FWLIB\src\stm32f10x_rcc.c          0x00000000   Number         0  stm32f10x_rcc.o ABSOLUTE
    ..\..\FWLIB\src\stm32f10x_rtc.c          0x00000000   Number         0  stm32f10x_rtc.o ABSOLUTE
    ..\..\FWLIB\src\stm32f10x_sdio.c         0x00000000   Number         0  stm32f10x_sdio.o ABSOLUTE
    ..\..\FWLIB\src\stm32f10x_spi.c          0x00000000   Number         0  stm32f10x_spi.o ABSOLUTE
    ..\..\FWLIB\src\stm32f10x_tim.c          0x00000000   Number         0  stm32f10x_tim.o ABSOLUTE
    ..\..\FWLIB\src\stm32f10x_usart.c        0x00000000   Number         0  stm32f10x_usart.o ABSOLUTE
    ..\..\FWLIB\src\stm32f10x_wwdg.c         0x00000000   Number         0  stm32f10x_wwdg.o ABSOLUTE
    ..\..\STARTUP\startup_stm32f10x_hd.s     0x00000000   Number         0  startup_stm32f10x_hd.o ABSOLUTE
    ..\Ads1256\ads.c                         0x00000000   Number         0  ads.o ABSOLUTE
    ..\Ads1256\app_ads.c                     0x00000000   Number         0  app_ads.o ABSOLUTE
    ..\\..\\CMSIS\\core_cm3.c                0x00000000   Number         0  core_cm3.o ABSOLUTE
    ..\public\public.c                       0x00000000   Number         0  public.o ABSOLUTE
    cdrcmple.s                               0x00000000   Number         0  cdrcmple.o ABSOLUTE
    dc.s                                     0x00000000   Number         0  dc.o ABSOLUTE
    handlers.s                               0x00000000   Number         0  handlers.o ABSOLUTE
    init.s                                   0x00000000   Number         0  init.o ABSOLUTE
    main.c                                   0x00000000   Number         0  main.o ABSOLUTE
    spi.c                                    0x00000000   Number         0  spi.o ABSOLUTE
    stm32f10x_it.c                           0x00000000   Number         0  stm32f10x_it.o ABSOLUTE
    usart.c                                  0x00000000   Number         0  usart.o ABSOLUTE
    RESET                                    0x08000000   Section      304  startup_stm32f10x_hd.o(RESET)
    .ARM.Collect$$$$00000000                 0x08000130   Section        0  entry.o(.ARM.Collect$$$$00000000)
    .ARM.Collect$$$$00000001                 0x08000130   Section        4  entry2.o(.ARM.Collect$$$$00000001)
    .ARM.Collect$$$$00000004                 0x08000134   Section        4  entry5.o(.ARM.Collect$$$$00000004)
    .ARM.Collect$$$$00000008                 0x08000138   Section        0  entry7b.o(.ARM.Collect$$$$00000008)
    .ARM.Collect$$$$0000000A                 0x08000138   Section        0  entry8b.o(.ARM.Collect$$$$0000000A)
    .ARM.Collect$$$$0000000B                 0x08000138   Section        8  entry9a.o(.ARM.Collect$$$$0000000B)
    .ARM.Collect$$$$0000000D                 0x08000140   Section        0  entry10a.o(.ARM.Collect$$$$0000000D)
    .ARM.Collect$$$$0000000F                 0x08000140   Section        0  entry11a.o(.ARM.Collect$$$$0000000F)
    .ARM.Collect$$$$00002712                 0x08000140   Section        4  entry2.o(.ARM.Collect$$$$00002712)
    __lit__00000000                          0x08000140   Data           4  entry2.o(.ARM.Collect$$$$00002712)
    .text                                    0x08000144   Section       36  startup_stm32f10x_hd.o(.text)
    .text                                    0x08000168   Section        0  stm32f10x_gpio.o(.text)
    .text                                    0x080004c0   Section        0  stm32f10x_rcc.o(.text)
    .text                                    0x08000864   Section        0  stm32f10x_spi.o(.text)
    .text                                    0x08000b70   Section        0  stm32f10x_usart.o(.text)
    .text                                    0x08000f78   Section        0  system_stm32f10x.o(.text)
    SetSysClockTo72                          0x08000f79   Thumb Code   212  system_stm32f10x.o(.text)
    SetSysClock                              0x0800104d   Thumb Code     8  system_stm32f10x.o(.text)
    .text                                    0x08001154   Section        0  main.o(.text)
    .text                                    0x08001184   Section        0  stm32f10x_it.o(.text)
    .text                                    0x08001214   Section        0  usart.o(.text)
    .text                                    0x080012b8   Section        0  spi.o(.text)
    .text                                    0x080013dc   Section        0  ads.o(.text)
    ADS1256_Config_GPIO                      0x080013dd   Thumb Code    40  ads.o(.text)
    .text                                    0x080016e4   Section        0  app_ads.o(.text)
    .text                                    0x08001c18   Section        0  public.o(.text)
    .text                                    0x08001cea   Section        0  memcpya.o(.text)
    .text                                    0x08001d0e   Section        0  memseta.o(.text)
    .text                                    0x08001d32   Section        0  strcat.o(.text)
    .text                                    0x08001d4a   Section        0  strlen.o(.text)
    .text                                    0x08001d58   Section        0  dmul.o(.text)
    .text                                    0x08001e3c   Section        0  dflti.o(.text)
    .text                                    0x08001e5e   Section        0  uidiv.o(.text)
    .text                                    0x08001e8a   Section        0  uldiv.o(.text)
    .text                                    0x08001eec   Section        0  iusefp.o(.text)
    .text                                    0x08001eec   Section        0  depilogue.o(.text)
    .text                                    0x08001faa   Section        0  dadd.o(.text)
    .text                                    0x080020f8   Section        0  ddiv.o(.text)
    .text                                    0x080021d6   Section        0  dfixul.o(.text)
    .text                                    0x08002208   Section       40  cdrcmple.o(.text)
    .text                                    0x08002230   Section       36  init.o(.text)
    .text                                    0x08002254   Section        0  llshl.o(.text)
    .text                                    0x08002272   Section        0  llushr.o(.text)
    .text                                    0x08002292   Section        0  llsshr.o(.text)
    i.__0printf                              0x080022b8   Section        0  printfa.o(i.__0printf)
    i.__0sprintf                             0x080022d8   Section        0  printfa.o(i.__0sprintf)
    i.__scatterload_copy                     0x08002300   Section       14  handlers.o(i.__scatterload_copy)
    i.__scatterload_null                     0x0800230e   Section        2  handlers.o(i.__scatterload_null)
    i.__scatterload_zeroinit                 0x08002310   Section       14  handlers.o(i.__scatterload_zeroinit)
    i._fp_digits                             0x08002320   Section        0  printfa.o(i._fp_digits)
    _fp_digits                               0x08002321   Thumb Code   326  printfa.o(i._fp_digits)
    i._printf_core                           0x0800247c   Section        0  printfa.o(i._printf_core)
    _printf_core                             0x0800247d   Thumb Code  1762  printfa.o(i._printf_core)
    i._printf_post_padding                   0x08002b6c   Section        0  printfa.o(i._printf_post_padding)
    _printf_post_padding                     0x08002b6d   Thumb Code    38  printfa.o(i._printf_post_padding)
    i._printf_pre_padding                    0x08002b92   Section        0  printfa.o(i._printf_pre_padding)
    _printf_pre_padding                      0x08002b93   Thumb Code    48  printfa.o(i._printf_pre_padding)
    i._sputc                                 0x08002bc2   Section        0  printfa.o(i._sputc)
    _sputc                                   0x08002bc3   Thumb Code    10  printfa.o(i._sputc)
    .data                                    0x20000000   Section       20  stm32f10x_rcc.o(.data)
    APBAHBPrescTable                         0x20000000   Data          16  stm32f10x_rcc.o(.data)
    ADCPrescTable                            0x20000010   Data           4  stm32f10x_rcc.o(.data)
    .data                                    0x20000014   Section       20  system_stm32f10x.o(.data)
    .data                                    0x20000028   Section       20  app_ads.o(.data)
    .data                                    0x2000003c   Section        4  stdout.o(.data)
    .bss                                     0x20000040   Section       60  app_ads.o(.bss)
    STACK                                    0x20000080   Section     1024  startup_stm32f10x_hd.o(STACK)

    Global Symbols

    Symbol Name                              Value     Ov Type        Size  Object(Section)

    BuildAttributes$$THM_ISAv4$P$D$K$B$S$PE$A:L22UL41UL21$X:L11$S22US41US21$IEEE1$IW$USESV6$~STKCKD$USESV7$~SHL$OSPACE$ROPI$EBA8$MICROLIB$REQ8$PRES8$EABIv2 0x00000000   Number         0  anon$$obj.o ABSOLUTE
    __ARM_use_no_argv                        0x00000000   Number         0  main.o ABSOLUTE
    _printf_a                                0x00000000   Number         0  stubs.o ABSOLUTE
    _printf_c                                0x00000000   Number         0  stubs.o ABSOLUTE
    _printf_charcount                        0x00000000   Number         0  stubs.o ABSOLUTE
    _printf_d                                0x00000000   Number         0  stubs.o ABSOLUTE
    _printf_e                                0x00000000   Number         0  stubs.o ABSOLUTE
    _printf_f                                0x00000000   Number         0  stubs.o ABSOLUTE
    _printf_flags                            0x00000000   Number         0  stubs.o ABSOLUTE
    _printf_fp_dec                           0x00000000   Number         0  stubs.o ABSOLUTE
    _printf_fp_hex                           0x00000000   Number         0  stubs.o ABSOLUTE
    _printf_g                                0x00000000   Number         0  stubs.o ABSOLUTE
    _printf_i                                0x00000000   Number         0  stubs.o ABSOLUTE
    _printf_int_dec                          0x00000000   Number         0  stubs.o ABSOLUTE
    _printf_l                                0x00000000   Number         0  stubs.o ABSOLUTE
    _printf_lc                               0x00000000   Number         0  stubs.o ABSOLUTE
    _printf_ll                               0x00000000   Number         0  stubs.o ABSOLUTE
    _printf_lld                              0x00000000   Number         0  stubs.o ABSOLUTE
    _printf_lli                              0x00000000   Number         0  stubs.o ABSOLUTE
    _printf_llo                              0x00000000   Number         0  stubs.o ABSOLUTE
    _printf_llu                              0x00000000   Number         0  stubs.o ABSOLUTE
    _printf_llx                              0x00000000   Number         0  stubs.o ABSOLUTE
    _printf_longlong_dec                     0x00000000   Number         0  stubs.o ABSOLUTE
    _printf_longlong_hex                     0x00000000   Number         0  stubs.o ABSOLUTE
    _printf_longlong_oct                     0x00000000   Number         0  stubs.o ABSOLUTE
    _printf_ls                               0x00000000   Number         0  stubs.o ABSOLUTE
    _printf_mbtowc                           0x00000000   Number         0  stubs.o ABSOLUTE
    _printf_n                                0x00000000   Number         0  stubs.o ABSOLUTE
    _printf_o                                0x00000000   Number         0  stubs.o ABSOLUTE
    _printf_p                                0x00000000   Number         0  stubs.o ABSOLUTE
    _printf_percent                          0x00000000   Number         0  stubs.o ABSOLUTE
    _printf_pre_padding                      0x00000000   Number         0  stubs.o ABSOLUTE
    _printf_return_value                     0x00000000   Number         0  stubs.o ABSOLUTE
    _printf_s                                0x00000000   Number         0  stubs.o ABSOLUTE
    _printf_sizespec                         0x00000000   Number         0  stubs.o ABSOLUTE
    _printf_str                              0x00000000   Number         0  stubs.o ABSOLUTE
    _printf_truncate_signed                  0x00000000   Number         0  stubs.o ABSOLUTE
    _printf_truncate_unsigned                0x00000000   Number         0  stubs.o ABSOLUTE
    _printf_u                                0x00000000   Number         0  stubs.o ABSOLUTE
    _printf_wc                               0x00000000   Number         0  stubs.o ABSOLUTE
    _printf_wctomb                           0x00000000   Number         0  stubs.o ABSOLUTE
    _printf_widthprec                        0x00000000   Number         0  stubs.o ABSOLUTE
    _printf_x                                0x00000000   Number         0  stubs.o ABSOLUTE
    __cpp_initialize__aeabi_                  - Undefined Weak Reference
    __cxa_finalize                            - Undefined Weak Reference
    __decompress                              - Undefined Weak Reference
    _clock_init                               - Undefined Weak Reference
    _microlib_exit                            - Undefined Weak Reference
    __Vectors_Size                           0x00000130   Number         0  startup_stm32f10x_hd.o ABSOLUTE
    __Vectors                                0x08000000   Data           4  startup_stm32f10x_hd.o(RESET)
    __Vectors_End                            0x08000130   Data           0  startup_stm32f10x_hd.o(RESET)
    __main                                   0x08000131   Thumb Code     0  entry.o(.ARM.Collect$$$$00000000)
    _main_stk                                0x08000131   Thumb Code     0  entry2.o(.ARM.Collect$$$$00000001)
    _main_scatterload                        0x08000135   Thumb Code     0  entry5.o(.ARM.Collect$$$$00000004)
    __main_after_scatterload                 0x08000139   Thumb Code     0  entry5.o(.ARM.Collect$$$$00000004)
    _main_clock                              0x08000139   Thumb Code     0  entry7b.o(.ARM.Collect$$$$00000008)
    _main_cpp_init                           0x08000139   Thumb Code     0  entry8b.o(.ARM.Collect$$$$0000000A)
    _main_init                               0x08000139   Thumb Code     0  entry9a.o(.ARM.Collect$$$$0000000B)
    __rt_final_cpp                           0x08000141   Thumb Code     0  entry10a.o(.ARM.Collect$$$$0000000D)
    __rt_final_exit                          0x08000141   Thumb Code     0  entry11a.o(.ARM.Collect$$$$0000000F)
    Reset_Handler                            0x08000145   Thumb Code     8  startup_stm32f10x_hd.o(.text)
    NMI_Handler                              0x0800014d   Thumb Code     2  startup_stm32f10x_hd.o(.text)
    HardFault_Handler                        0x0800014f   Thumb Code     2  startup_stm32f10x_hd.o(.text)
    MemManage_Handler                        0x08000151   Thumb Code     2  startup_stm32f10x_hd.o(.text)
    BusFault_Handler                         0x08000153   Thumb Code     2  startup_stm32f10x_hd.o(.text)
    UsageFault_Handler                       0x08000155   Thumb Code     2  startup_stm32f10x_hd.o(.text)
    SVC_Handler                              0x08000157   Thumb Code     2  startup_stm32f10x_hd.o(.text)
    DebugMon_Handler                         0x08000159   Thumb Code     2  startup_stm32f10x_hd.o(.text)
    PendSV_Handler                           0x0800015b   Thumb Code     2  startup_stm32f10x_hd.o(.text)
    SysTick_Handler                          0x0800015d   Thumb Code     2  startup_stm32f10x_hd.o(.text)
    ADC1_2_IRQHandler                        0x0800015f   Thumb Code     0  startup_stm32f10x_hd.o(.text)
    CAN1_RX1_IRQHandler                      0x0800015f   Thumb Code     0  startup_stm32f10x_hd.o(.text)
    CAN1_SCE_IRQHandler                      0x0800015f   Thumb Code     0  startup_stm32f10x_hd.o(.text)
    DMA1_Channel1_IRQHandler                 0x0800015f   Thumb Code     0  startup_stm32f10x_hd.o(.text)
    DMA1_Channel2_IRQHandler                 0x0800015f   Thumb Code     0  startup_stm32f10x_hd.o(.text)
    DMA1_Channel3_IRQHandler                 0x0800015f   Thumb Code     0  startup_stm32f10x_hd.o(.text)
    DMA1_Channel4_IRQHandler                 0x0800015f   Thumb Code     0  startup_stm32f10x_hd.o(.text)
    DMA1_Channel5_IRQHandler                 0x0800015f   Thumb Code     0  startup_stm32f10x_hd.o(.text)
    DMA1_Channel6_IRQHandler                 0x0800015f   Thumb Code     0  startup_stm32f10x_hd.o(.text)
    DMA1_Channel7_IRQHandler                 0x0800015f   Thumb Code     0  startup_stm32f10x_hd.o(.text)
    USB_HP_CAN1_TX_IRQHandler                0x0800015f   Thumb Code     0  startup_stm32f10x_hd.o(.text)
    USB_LP_CAN1_RX0_IRQHandler               0x0800015f   Thumb Code     0  startup_stm32f10x_hd.o(.text)
    GPIO_DeInit                              0x08000169   Thumb Code   172  stm32f10x_gpio.o(.text)
    GPIO_AFIODeInit                          0x08000215   Thumb Code    20  stm32f10x_gpio.o(.text)
    GPIO_Init                                0x08000229   Thumb Code   274  stm32f10x_gpio.o(.text)
    GPIO_StructInit                          0x0800033b   Thumb Code    16  stm32f10x_gpio.o(.text)
    GPIO_ReadInputDataBit                    0x0800034b   Thumb Code    18  stm32f10x_gpio.o(.text)
    GPIO_ReadInputData                       0x0800035d   Thumb Code     8  stm32f10x_gpio.o(.text)
    GPIO_ReadOutputDataBit                   0x08000365   Thumb Code    18  stm32f10x_gpio.o(.text)
    GPIO_ReadOutputData                      0x08000377   Thumb Code     8  stm32f10x_gpio.o(.text)
    GPIO_SetBits                             0x0800037f   Thumb Code     4  stm32f10x_gpio.o(.text)
    GPIO_ResetBits                           0x08000383   Thumb Code     4  stm32f10x_gpio.o(.text)
    GPIO_WriteBit                            0x08000387   Thumb Code    10  stm32f10x_gpio.o(.text)
    GPIO_Write                               0x08000391   Thumb Code     4  stm32f10x_gpio.o(.text)
    GPIO_PinLockConfig                       0x08000395   Thumb Code    18  stm32f10x_gpio.o(.text)
    GPIO_EventOutputConfig                   0x080003a7   Thumb Code    26  stm32f10x_gpio.o(.text)
    GPIO_EventOutputCmd                      0x080003c1   Thumb Code     6  stm32f10x_gpio.o(.text)
    GPIO_PinRemapConfig                      0x080003c7   Thumb Code   138  stm32f10x_gpio.o(.text)
    GPIO_EXTILineConfig                      0x08000451   Thumb Code    66  stm32f10x_gpio.o(.text)
    GPIO_ETH_MediaInterfaceConfig            0x08000493   Thumb Code     6  stm32f10x_gpio.o(.text)
    RCC_DeInit                               0x080004c1   Thumb Code    64  stm32f10x_rcc.o(.text)
    RCC_HSEConfig                            0x08000501   Thumb Code    70  stm32f10x_rcc.o(.text)
    RCC_GetFlagStatus                        0x08000547   Thumb Code    56  stm32f10x_rcc.o(.text)
    RCC_WaitForHSEStartUp                    0x0800057f   Thumb Code    56  stm32f10x_rcc.o(.text)
    RCC_AdjustHSICalibrationValue            0x080005b7   Thumb Code    20  stm32f10x_rcc.o(.text)
    RCC_HSICmd                               0x080005cb   Thumb Code     6  stm32f10x_rcc.o(.text)
    RCC_PLLConfig                            0x080005d1   Thumb Code    24  stm32f10x_rcc.o(.text)
    RCC_PLLCmd                               0x080005e9   Thumb Code     6  stm32f10x_rcc.o(.text)
    RCC_SYSCLKConfig                         0x080005ef   Thumb Code    18  stm32f10x_rcc.o(.text)
    RCC_GetSYSCLKSource                      0x08000601   Thumb Code    10  stm32f10x_rcc.o(.text)
    RCC_HCLKConfig                           0x0800060b   Thumb Code    18  stm32f10x_rcc.o(.text)
    RCC_PCLK1Config                          0x0800061d   Thumb Code    18  stm32f10x_rcc.o(.text)
    RCC_PCLK2Config                          0x0800062f   Thumb Code    20  stm32f10x_rcc.o(.text)
    RCC_ITConfig                             0x08000643   Thumb Code    26  stm32f10x_rcc.o(.text)
    RCC_USBCLKConfig                         0x0800065d   Thumb Code     6  stm32f10x_rcc.o(.text)
    RCC_ADCCLKConfig                         0x08000663   Thumb Code    18  stm32f10x_rcc.o(.text)
    RCC_LSEConfig                            0x08000675   Thumb Code    44  stm32f10x_rcc.o(.text)
    RCC_LSICmd                               0x080006a1   Thumb Code     6  stm32f10x_rcc.o(.text)
    RCC_RTCCLKConfig                         0x080006a7   Thumb Code    12  stm32f10x_rcc.o(.text)
    RCC_RTCCLKCmd                            0x080006b3   Thumb Code     8  stm32f10x_rcc.o(.text)
    RCC_GetClocksFreq                        0x080006bb   Thumb Code   192  stm32f10x_rcc.o(.text)
    RCC_AHBPeriphClockCmd                    0x0800077b   Thumb Code    26  stm32f10x_rcc.o(.text)
    RCC_APB2PeriphClockCmd                   0x08000795   Thumb Code    26  stm32f10x_rcc.o(.text)
    RCC_APB1PeriphClockCmd                   0x080007af   Thumb Code    26  stm32f10x_rcc.o(.text)
    RCC_APB2PeriphResetCmd                   0x080007c9   Thumb Code    26  stm32f10x_rcc.o(.text)
    RCC_APB1PeriphResetCmd                   0x080007e3   Thumb Code    26  stm32f10x_rcc.o(.text)
    RCC_BackupResetCmd                       0x080007fd   Thumb Code     8  stm32f10x_rcc.o(.text)
    RCC_ClockSecuritySystemCmd               0x08000805   Thumb Code     6  stm32f10x_rcc.o(.text)
    RCC_MCOConfig                            0x0800080b   Thumb Code     6  stm32f10x_rcc.o(.text)
    RCC_ClearFlag                            0x08000811   Thumb Code    14  stm32f10x_rcc.o(.text)
    RCC_GetITStatus                          0x0800081f   Thumb Code    20  stm32f10x_rcc.o(.text)
    RCC_ClearITPendingBit                    0x08000833   Thumb Code     6  stm32f10x_rcc.o(.text)
    SPI_I2S_DeInit                           0x08000865   Thumb Code    76  stm32f10x_spi.o(.text)
    SPI_Init                                 0x080008b1   Thumb Code    60  stm32f10x_spi.o(.text)
    I2S_Init                                 0x080008ed   Thumb Code   226  stm32f10x_spi.o(.text)
    SPI_StructInit                           0x080009cf   Thumb Code    24  stm32f10x_spi.o(.text)
    I2S_StructInit                           0x080009e7   Thumb Code    20  stm32f10x_spi.o(.text)
    SPI_Cmd                                  0x080009fb   Thumb Code    24  stm32f10x_spi.o(.text)
    I2S_Cmd                                  0x08000a13   Thumb Code    24  stm32f10x_spi.o(.text)
    SPI_I2S_ITConfig                         0x08000a2b   Thumb Code    32  stm32f10x_spi.o(.text)
    SPI_I2S_DMACmd                           0x08000a4b   Thumb Code    18  stm32f10x_spi.o(.text)
    SPI_I2S_SendData                         0x08000a5d   Thumb Code     4  stm32f10x_spi.o(.text)
    SPI_I2S_ReceiveData                      0x08000a61   Thumb Code     6  stm32f10x_spi.o(.text)
    SPI_NSSInternalSoftwareConfig            0x08000a67   Thumb Code    30  stm32f10x_spi.o(.text)
    SPI_SSOutputCmd                          0x08000a85   Thumb Code    24  stm32f10x_spi.o(.text)
    SPI_DataSizeConfig                       0x08000a9d   Thumb Code    18  stm32f10x_spi.o(.text)
    SPI_TransmitCRC                          0x08000aaf   Thumb Code    10  stm32f10x_spi.o(.text)
    SPI_CalculateCRC                         0x08000ab9   Thumb Code    24  stm32f10x_spi.o(.text)
    SPI_GetCRC                               0x08000ad1   Thumb Code    16  stm32f10x_spi.o(.text)
    SPI_GetCRCPolynomial                     0x08000ae1   Thumb Code     6  stm32f10x_spi.o(.text)
    SPI_BiDirectionalLineConfig              0x08000ae7   Thumb Code    28  stm32f10x_spi.o(.text)
    SPI_I2S_GetFlagStatus                    0x08000b03   Thumb Code    18  stm32f10x_spi.o(.text)
    SPI_I2S_ClearFlag                        0x08000b15   Thumb Code     6  stm32f10x_spi.o(.text)
    SPI_I2S_GetITStatus                      0x08000b1b   Thumb Code    52  stm32f10x_spi.o(.text)
    SPI_I2S_ClearITPendingBit                0x08000b4f   Thumb Code    20  stm32f10x_spi.o(.text)
    USART_DeInit                             0x08000b71   Thumb Code   134  stm32f10x_usart.o(.text)
    USART_Init                               0x08000bf7   Thumb Code   210  stm32f10x_usart.o(.text)
    USART_StructInit                         0x08000cc9   Thumb Code    24  stm32f10x_usart.o(.text)
    USART_ClockInit                          0x08000ce1   Thumb Code    34  stm32f10x_usart.o(.text)
    USART_ClockStructInit                    0x08000d03   Thumb Code    12  stm32f10x_usart.o(.text)
    USART_Cmd                                0x08000d0f   Thumb Code    24  stm32f10x_usart.o(.text)
    USART_ITConfig                           0x08000d27   Thumb Code    74  stm32f10x_usart.o(.text)
    USART_DMACmd                             0x08000d71   Thumb Code    18  stm32f10x_usart.o(.text)
    USART_SetAddress                         0x08000d83   Thumb Code    18  stm32f10x_usart.o(.text)
    USART_WakeUpConfig                       0x08000d95   Thumb Code    18  stm32f10x_usart.o(.text)
    USART_ReceiverWakeUpCmd                  0x08000da7   Thumb Code    24  stm32f10x_usart.o(.text)
    USART_LINBreakDetectLengthConfig         0x08000dbf   Thumb Code    18  stm32f10x_usart.o(.text)
    USART_LINCmd                             0x08000dd1   Thumb Code    24  stm32f10x_usart.o(.text)
    USART_SendData                           0x08000de9   Thumb Code     8  stm32f10x_usart.o(.text)
    USART_ReceiveData                        0x08000df1   Thumb Code    10  stm32f10x_usart.o(.text)
    USART_SendBreak                          0x08000dfb   Thumb Code    10  stm32f10x_usart.o(.text)
    USART_SetGuardTime                       0x08000e05   Thumb Code    16  stm32f10x_usart.o(.text)
    USART_SetPrescaler                       0x08000e15   Thumb Code    16  stm32f10x_usart.o(.text)
    USART_SmartCardCmd                       0x08000e25   Thumb Code    24  stm32f10x_usart.o(.text)
    USART_SmartCardNACKCmd                   0x08000e3d   Thumb Code    24  stm32f10x_usart.o(.text)
    USART_HalfDuplexCmd                      0x08000e55   Thumb Code    24  stm32f10x_usart.o(.text)
    USART_OverSampling8Cmd                   0x08000e6d   Thumb Code    22  stm32f10x_usart.o(.text)
    USART_OneBitMethodCmd                    0x08000e83   Thumb Code    24  stm32f10x_usart.o(.text)
    USART_IrDAConfig                         0x08000e9b   Thumb Code    18  stm32f10x_usart.o(.text)
    USART_IrDACmd                            0x08000ead   Thumb Code    24  stm32f10x_usart.o(.text)
    USART_GetFlagStatus                      0x08000ec5   Thumb Code    26  stm32f10x_usart.o(.text)
    USART_ClearFlag                          0x08000edf   Thumb Code    18  stm32f10x_usart.o(.text)
    USART_GetITStatus                        0x08000ef1   Thumb Code    84  stm32f10x_usart.o(.text)
    USART_ClearITPendingBit                  0x08000f45   Thumb Code    52  stm32f10x_usart.o(.text)
    SystemInit                               0x08001055   Thumb Code    78  system_stm32f10x.o(.text)
    SystemCoreClockUpdate                    0x080010a3   Thumb Code   142  system_stm32f10x.o(.text)
    DeviceInit                               0x08001155   Thumb Code    12  main.o(.text)
    main                                     0x08001161   Thumb Code    28  main.o(.text)
    EXTI2_IRQHandler                         0x08001185   Thumb Code     2  stm32f10x_it.o(.text)
    EXTI3_IRQHandler                         0x08001187   Thumb Code     2  stm32f10x_it.o(.text)
    EXTI4_IRQHandler                         0x08001189   Thumb Code     2  stm32f10x_it.o(.text)
    EXTI9_5_IRQHandler                       0x0800118b   Thumb Code     2  stm32f10x_it.o(.text)
    USART1_IRQHandler                        0x0800118d   Thumb Code     2  stm32f10x_it.o(.text)
    USART2_IRQHandler                        0x0800118f   Thumb Code     2  stm32f10x_it.o(.text)
    TIM2_IRQHandler                          0x08001191   Thumb Code     2  stm32f10x_it.o(.text)
    TIM3_IRQHandler                          0x08001193   Thumb Code     2  stm32f10x_it.o(.text)
    NMIException                             0x08001195   Thumb Code     2  stm32f10x_it.o(.text)
    HardFaultException                       0x08001197   Thumb Code     4  stm32f10x_it.o(.text)
    MemManageException                       0x0800119b   Thumb Code     4  stm32f10x_it.o(.text)
    BusFaultException                        0x0800119f   Thumb Code     4  stm32f10x_it.o(.text)
    UsageFaultException                      0x080011a3   Thumb Code     4  stm32f10x_it.o(.text)
    DebugMonitor                             0x080011a7   Thumb Code     2  stm32f10x_it.o(.text)
    SVCHandler                               0x080011a9   Thumb Code     2  stm32f10x_it.o(.text)
    PendSVC                                  0x080011ab   Thumb Code     2  stm32f10x_it.o(.text)
    WWDG_IRQHandler                          0x080011ad   Thumb Code     2  stm32f10x_it.o(.text)
    PVD_IRQHandler                           0x080011af   Thumb Code     2  stm32f10x_it.o(.text)
    TAMPER_IRQHandler                        0x080011b1   Thumb Code     2  stm32f10x_it.o(.text)
    RTC_IRQHandler                           0x080011b3   Thumb Code     2  stm32f10x_it.o(.text)
    FLASH_IRQHandler                         0x080011b5   Thumb Code     2  stm32f10x_it.o(.text)
    RCC_IRQHandler                           0x080011b7   Thumb Code     2  stm32f10x_it.o(.text)
    EXTI0_IRQHandler                         0x080011b9   Thumb Code     2  stm32f10x_it.o(.text)
    EXTI1_IRQHandler                         0x080011bb   Thumb Code     2  stm32f10x_it.o(.text)
    DMAChannel1_IRQHandler                   0x080011bd   Thumb Code     2  stm32f10x_it.o(.text)
    DMAChannel2_IRQHandler                   0x080011bf   Thumb Code     2  stm32f10x_it.o(.text)
    DMAChannel3_IRQHandler                   0x080011c1   Thumb Code     2  stm32f10x_it.o(.text)
    DMAChannel4_IRQHandler                   0x080011c3   Thumb Code     2  stm32f10x_it.o(.text)
    DMAChannel5_IRQHandler                   0x080011c5   Thumb Code     2  stm32f10x_it.o(.text)
    DMAChannel6_IRQHandler                   0x080011c7   Thumb Code     2  stm32f10x_it.o(.text)
    DMAChannel7_IRQHandler                   0x080011c9   Thumb Code     2  stm32f10x_it.o(.text)
    ADC_IRQHandler                           0x080011cb   Thumb Code     2  stm32f10x_it.o(.text)
    USB_HP_CAN_TX_IRQHandler                 0x080011cd   Thumb Code     2  stm32f10x_it.o(.text)
    USB_LP_CAN_RX0_IRQHandler                0x080011cf   Thumb Code     2  stm32f10x_it.o(.text)
    CAN_RX1_IRQHandler                       0x080011d1   Thumb Code     2  stm32f10x_it.o(.text)
    CAN_SCE_IRQHandler                       0x080011d3   Thumb Code     2  stm32f10x_it.o(.text)
    TIM1_BRK_IRQHandler                      0x080011d5   Thumb Code     2  stm32f10x_it.o(.text)
    TIM1_UP_IRQHandler                       0x080011d7   Thumb Code     2  stm32f10x_it.o(.text)
    TIM1_TRG_COM_IRQHandler                  0x080011d9   Thumb Code     2  stm32f10x_it.o(.text)
    TIM1_CC_IRQHandler                       0x080011db   Thumb Code     2  stm32f10x_it.o(.text)
    TIM4_IRQHandler                          0x080011dd   Thumb Code     2  stm32f10x_it.o(.text)
    I2C1_EV_IRQHandler                       0x080011df   Thumb Code     2  stm32f10x_it.o(.text)
    I2C1_ER_IRQHandler                       0x080011e1   Thumb Code     2  stm32f10x_it.o(.text)
    I2C2_EV_IRQHandler                       0x080011e3   Thumb Code     2  stm32f10x_it.o(.text)
    I2C2_ER_IRQHandler                       0x080011e5   Thumb Code     2  stm32f10x_it.o(.text)
    SPI1_IRQHandler                          0x080011e7   Thumb Code     2  stm32f10x_it.o(.text)
    SPI2_IRQHandler                          0x080011e9   Thumb Code     2  stm32f10x_it.o(.text)
    USART3_IRQHandler                        0x080011eb   Thumb Code     2  stm32f10x_it.o(.text)
    UART4_IRQHandler                         0x080011ed   Thumb Code     2  stm32f10x_it.o(.text)
    UART5_IRQHandler                         0x080011ef   Thumb Code     2  stm32f10x_it.o(.text)
    EXTI15_10_IRQHandler                     0x080011f1   Thumb Code     2  stm32f10x_it.o(.text)
    RTCAlarm_IRQHandler                      0x080011f3   Thumb Code     2  stm32f10x_it.o(.text)
    USBWakeUp_IRQHandler                     0x080011f5   Thumb Code     2  stm32f10x_it.o(.text)
    TIM8_BRK_IRQHandler                      0x080011f7   Thumb Code     2  stm32f10x_it.o(.text)
    TIM8_UP_IRQHandler                       0x080011f9   Thumb Code     2  stm32f10x_it.o(.text)
    TIM8_TRG_COM_IRQHandler                  0x080011fb   Thumb Code     2  stm32f10x_it.o(.text)
    TIM8_CC_IRQHandler                       0x080011fd   Thumb Code     2  stm32f10x_it.o(.text)
    ADC3_IRQHandler                          0x080011ff   Thumb Code     2  stm32f10x_it.o(.text)
    FSMC_IRQHandler                          0x08001201   Thumb Code     2  stm32f10x_it.o(.text)
    SDIO_IRQHandler                          0x08001203   Thumb Code     2  stm32f10x_it.o(.text)
    TIM5_IRQHandler                          0x08001205   Thumb Code     2  stm32f10x_it.o(.text)
    SPI3_IRQHandler                          0x08001207   Thumb Code     2  stm32f10x_it.o(.text)
    TIM6_IRQHandler                          0x08001209   Thumb Code     2  stm32f10x_it.o(.text)
    TIM7_IRQHandler                          0x0800120b   Thumb Code     2  stm32f10x_it.o(.text)
    DMA2_Channel1_IRQHandler                 0x0800120d   Thumb Code     2  stm32f10x_it.o(.text)
    DMA2_Channel2_IRQHandler                 0x0800120f   Thumb Code     2  stm32f10x_it.o(.text)
    DMA2_Channel3_IRQHandler                 0x08001211   Thumb Code     2  stm32f10x_it.o(.text)
    DMA2_Channel4_5_IRQHandler               0x08001213   Thumb Code     2  stm32f10x_it.o(.text)
    fputc                                    0x08001215   Thumb Code    32  usart.o(.text)
    UARTInit                                 0x08001235   Thumb Code   124  usart.o(.text)
    SPI_Initialize                           0x080012b9   Thumb Code   206  spi.o(.text)
    SPI_WriteReadByte                        0x08001387   Thumb Code    76  spi.o(.text)
    ADS1256_ReadSingleReg                    0x08001405   Thumb Code    36  ads.o(.text)
    ADS1256_WriteReg                         0x08001429   Thumb Code    34  ads.o(.text)
    ADS1256_SetSingleChannel                 0x0800144b   Thumb Code    28  ads.o(.text)
    ADS1256_SetDiffChannel                   0x08001467   Thumb Code    74  ads.o(.text)
    ADS1256_SetSynCommand                    0x080014b1   Thumb Code    16  ads.o(.text)
    ADS1256_SetDataRate                      0x080014c1   Thumb Code    40  ads.o(.text)
    ADS1256_SetCommand                       0x080014e9   Thumb Code    12  ads.o(.text)
    ADS1256_SetCalibrationCommand            0x080014f5   Thumb Code    42  ads.o(.text)
    ADS1256_ReadOneChannelValue              0x0800151f   Thumb Code   132  ads.o(.text)
    ADS1256_ReadMultiChannelValue            0x080015a3   Thumb Code    38  ads.o(.text)
    ADS1256_Init                             0x080015c9   Thumb Code   126  ads.o(.text)
    ADS1256_readStatus                       0x08001647   Thumb Code   148  ads.o(.text)
    GetQuintupleDigitValue                   0x080016e5   Thumb Code    62  app_ads.o(.text)
    GetQuintupleBias                         0x08001723   Thumb Code   392  app_ads.o(.text)
    DebugGetAmpFactor                        0x080018ab   Thumb Code   438  app_ads.o(.text)
    PackCPTSensorData                        0x08001a61   Thumb Code   440  app_ads.o(.text)
    DelayNumUs                               0x08001c19   Thumb Code    22  public.o(.text)
    DelayNumMs                               0x08001c2f   Thumb Code    26  public.o(.text)
    QuickSort                                0x08001c49   Thumb Code   128  public.o(.text)
    getArrayAverage                          0x08001cc9   Thumb Code    34  public.o(.text)
    __aeabi_memcpy                           0x08001ceb   Thumb Code    36  memcpya.o(.text)
    __aeabi_memcpy4                          0x08001ceb   Thumb Code     0  memcpya.o(.text)
    __aeabi_memcpy8                          0x08001ceb   Thumb Code     0  memcpya.o(.text)
    __aeabi_memset                           0x08001d0f   Thumb Code    14  memseta.o(.text)
    __aeabi_memset4                          0x08001d0f   Thumb Code     0  memseta.o(.text)
    __aeabi_memset8                          0x08001d0f   Thumb Code     0  memseta.o(.text)
    __aeabi_memclr                           0x08001d1d   Thumb Code     4  memseta.o(.text)
    __aeabi_memclr4                          0x08001d1d   Thumb Code     0  memseta.o(.text)
    __aeabi_memclr8                          0x08001d1d   Thumb Code     0  memseta.o(.text)
    _memset$wrapper                          0x08001d21   Thumb Code    18  memseta.o(.text)
    strcat                                   0x08001d33   Thumb Code    24  strcat.o(.text)
    strlen                                   0x08001d4b   Thumb Code    14  strlen.o(.text)
    __aeabi_dmul                             0x08001d59   Thumb Code   228  dmul.o(.text)
    __aeabi_i2d                              0x08001e3d   Thumb Code    34  dflti.o(.text)
    __aeabi_uidiv                            0x08001e5f   Thumb Code     0  uidiv.o(.text)
    __aeabi_uidivmod                         0x08001e5f   Thumb Code    44  uidiv.o(.text)
    __aeabi_uldivmod                         0x08001e8b   Thumb Code    98  uldiv.o(.text)
    __I$use$fp                               0x08001eed   Thumb Code     0  iusefp.o(.text)
    _double_round                            0x08001eed   Thumb Code    26  depilogue.o(.text)
    _double_epilogue                         0x08001f07   Thumb Code   164  depilogue.o(.text)
    __aeabi_dadd                             0x08001fab   Thumb Code   322  dadd.o(.text)
    __aeabi_dsub                             0x080020ed   Thumb Code     6  dadd.o(.text)
    __aeabi_drsub                            0x080020f3   Thumb Code     6  dadd.o(.text)
    __aeabi_ddiv                             0x080020f9   Thumb Code   222  ddiv.o(.text)
    __aeabi_d2ulz                            0x080021d7   Thumb Code    48  dfixul.o(.text)
    __aeabi_cdrcmple                         0x08002209   Thumb Code    38  cdrcmple.o(.text)
    __scatterload                            0x08002231   Thumb Code    28  init.o(.text)
    __scatterload_rt2                        0x08002231   Thumb Code     0  init.o(.text)
    __aeabi_llsl                             0x08002255   Thumb Code    30  llshl.o(.text)
    _ll_shift_l                              0x08002255   Thumb Code     0  llshl.o(.text)
    __aeabi_llsr                             0x08002273   Thumb Code    32  llushr.o(.text)
    _ll_ushift_r                             0x08002273   Thumb Code     0  llushr.o(.text)
    __aeabi_lasr                             0x08002293   Thumb Code    36  llsshr.o(.text)
    _ll_sshift_r                             0x08002293   Thumb Code     0  llsshr.o(.text)
    __0printf                                0x080022b9   Thumb Code    22  printfa.o(i.__0printf)
    __1printf                                0x080022b9   Thumb Code     0  printfa.o(i.__0printf)
    __2printf                                0x080022b9   Thumb Code     0  printfa.o(i.__0printf)
    __c89printf                              0x080022b9   Thumb Code     0  printfa.o(i.__0printf)
    printf                                   0x080022b9   Thumb Code     0  printfa.o(i.__0printf)
    __0sprintf                               0x080022d9   Thumb Code    34  printfa.o(i.__0sprintf)
    __1sprintf                               0x080022d9   Thumb Code     0  printfa.o(i.__0sprintf)
    __2sprintf                               0x080022d9   Thumb Code     0  printfa.o(i.__0sprintf)
    __c89sprintf                             0x080022d9   Thumb Code     0  printfa.o(i.__0sprintf)
    sprintf                                  0x080022d9   Thumb Code     0  printfa.o(i.__0sprintf)
    __scatterload_copy                       0x08002301   Thumb Code    14  handlers.o(i.__scatterload_copy)
    __scatterload_null                       0x0800230f   Thumb Code     2  handlers.o(i.__scatterload_null)
    __scatterload_zeroinit                   0x08002311   Thumb Code    14  handlers.o(i.__scatterload_zeroinit)
    Region$$Table$$Base                      0x08002bcc   Number         0  anon$$obj.o(Region$$Table)
    Region$$Table$$Limit                     0x08002bec   Number         0  anon$$obj.o(Region$$Table)
    SystemCoreClock                          0x20000014   Data           4  system_stm32f10x.o(.data)
    AHBPrescTable                            0x20000018   Data          16  system_stm32f10x.o(.data)
    SF_Bias                                  0x20000028   Data           4  app_ads.o(.data)
    PP_Bias                                  0x2000002c   Data           4  app_ads.o(.data)
    AX_Bias                                  0x20000030   Data           4  app_ads.o(.data)
    AY_Bias                                  0x20000034   Data           4  app_ads.o(.data)
    CR_Bias                                  0x20000038   Data           4  app_ads.o(.data)
    __stdout                                 0x2000003c   Data           4  stdout.o(.data)
    CPTSensorString                          0x20000040   Data          60  app_ads.o(.bss)
    __initial_sp                             0x20000480   Data           0  startup_stm32f10x_hd.o(STACK)



==============================================================================

Memory Map of the image

  Image Entry point : 0x08000131

  Load Region LR_IROM1 (Base: 0x08000000, Size: 0x00002c2c, Max: 0x00080000, ABSOLUTE)

    Execution Region ER_IROM1 (Base: 0x08000000, Size: 0x00002bec, Max: 0x00080000, ABSOLUTE)

    Base Addr    Size         Type   Attr      Idx    E Section Name        Object

    0x08000000   0x00000130   Data   RO            3    RESET               startup_stm32f10x_hd.o
    0x08000130   0x00000000   Code   RO          529  * .ARM.Collect$$$$00000000  mc_w.l(entry.o)
    0x08000130   0x00000004   Code   RO          807    .ARM.Collect$$$$00000001  mc_w.l(entry2.o)
    0x08000134   0x00000004   Code   RO          810    .ARM.Collect$$$$00000004  mc_w.l(entry5.o)
    0x08000138   0x00000000   Code   RO          812    .ARM.Collect$$$$00000008  mc_w.l(entry7b.o)
    0x08000138   0x00000000   Code   RO          814    .ARM.Collect$$$$0000000A  mc_w.l(entry8b.o)
    0x08000138   0x00000008   Code   RO          815    .ARM.Collect$$$$0000000B  mc_w.l(entry9a.o)
    0x08000140   0x00000000   Code   RO          817    .ARM.Collect$$$$0000000D  mc_w.l(entry10a.o)
    0x08000140   0x00000000   Code   RO          819    .ARM.Collect$$$$0000000F  mc_w.l(entry11a.o)
    0x08000140   0x00000004   Code   RO          808    .ARM.Collect$$$$00002712  mc_w.l(entry2.o)
    0x08000144   0x00000024   Code   RO            4    .text               startup_stm32f10x_hd.o
    0x08000168   0x00000358   Code   RO          241    .text               stm32f10x_gpio.o
    0x080004c0   0x000003a4   Code   RO          289    .text               stm32f10x_rcc.o
    0x08000864   0x0000030c   Code   RO          327    .text               stm32f10x_spi.o
    0x08000b70   0x00000408   Code   RO          351    .text               stm32f10x_usart.o
    0x08000f78   0x000001dc   Code   RO          385    .text               system_stm32f10x.o
    0x08001154   0x00000030   Code   RO          403    .text               main.o
    0x08001184   0x00000090   Code   RO          443    .text               stm32f10x_it.o
    0x08001214   0x000000a4   Code   RO          455    .text               usart.o
    0x080012b8   0x00000124   Code   RO          467    .text               spi.o
    0x080013dc   0x00000308   Code   RO          479    .text               ads.o
    0x080016e4   0x00000534   Code   RO          498    .text               app_ads.o
    0x08001c18   0x000000d2   Code   RO          517    .text               public.o
    0x08001cea   0x00000024   Code   RO          532    .text               mc_w.l(memcpya.o)
    0x08001d0e   0x00000024   Code   RO          534    .text               mc_w.l(memseta.o)
    0x08001d32   0x00000018   Code   RO          536    .text               mc_w.l(strcat.o)
    0x08001d4a   0x0000000e   Code   RO          538    .text               mc_w.l(strlen.o)
    0x08001d58   0x000000e4   Code   RO          803    .text               mf_w.l(dmul.o)
    0x08001e3c   0x00000022   Code   RO          805    .text               mf_w.l(dflti.o)
    0x08001e5e   0x0000002c   Code   RO          822    .text               mc_w.l(uidiv.o)
    0x08001e8a   0x00000062   Code   RO          824    .text               mc_w.l(uldiv.o)
    0x08001eec   0x00000000   Code   RO          826    .text               mc_w.l(iusefp.o)
    0x08001eec   0x000000be   Code   RO          827    .text               mf_w.l(depilogue.o)
    0x08001faa   0x0000014e   Code   RO          829    .text               mf_w.l(dadd.o)
    0x080020f8   0x000000de   Code   RO          831    .text               mf_w.l(ddiv.o)
    0x080021d6   0x00000030   Code   RO          833    .text               mf_w.l(dfixul.o)
    0x08002206   0x00000002   PAD
    0x08002208   0x00000028   Code   RO          835    .text               mf_w.l(cdrcmple.o)
    0x08002230   0x00000024   Code   RO          837    .text               mc_w.l(init.o)
    0x08002254   0x0000001e   Code   RO          839    .text               mc_w.l(llshl.o)
    0x08002272   0x00000020   Code   RO          841    .text               mc_w.l(llushr.o)
    0x08002292   0x00000024   Code   RO          843    .text               mc_w.l(llsshr.o)
    0x080022b6   0x00000002   PAD
    0x080022b8   0x00000020   Code   RO          775    i.__0printf         mc_w.l(printfa.o)
    0x080022d8   0x00000028   Code   RO          777    i.__0sprintf        mc_w.l(printfa.o)
    0x08002300   0x0000000e   Code   RO          847    i.__scatterload_copy  mc_w.l(handlers.o)
    0x0800230e   0x00000002   Code   RO          848    i.__scatterload_null  mc_w.l(handlers.o)
    0x08002310   0x0000000e   Code   RO          849    i.__scatterload_zeroinit  mc_w.l(handlers.o)
    0x0800231e   0x00000002   PAD
    0x08002320   0x0000015c   Code   RO          782    i._fp_digits        mc_w.l(printfa.o)
    0x0800247c   0x000006f0   Code   RO          783    i._printf_core      mc_w.l(printfa.o)
    0x08002b6c   0x00000026   Code   RO          784    i._printf_post_padding  mc_w.l(printfa.o)
    0x08002b92   0x00000030   Code   RO          785    i._printf_pre_padding  mc_w.l(printfa.o)
    0x08002bc2   0x0000000a   Code   RO          787    i._sputc            mc_w.l(printfa.o)
    0x08002bcc   0x00000020   Data   RO          845    Region$$Table       anon$$obj.o


    Execution Region RW_IRAM1 (Base: 0x20000000, Size: 0x00000480, Max: 0x00010000, ABSOLUTE)

    Base Addr    Size         Type   Attr      Idx    E Section Name        Object

    0x20000000   0x00000014   Data   RW          290    .data               stm32f10x_rcc.o
    0x20000014   0x00000014   Data   RW          386    .data               system_stm32f10x.o
    0x20000028   0x00000014   Data   RW          500    .data               app_ads.o
    0x2000003c   0x00000004   Data   RW          821    .data               mc_w.l(stdout.o)
    0x20000040   0x0000003c   Zero   RW          499    .bss                app_ads.o
    0x2000007c   0x00000004   PAD
    0x20000080   0x00000400   Zero   RW            1    STACK               startup_stm32f10x_hd.o


==============================================================================

Image component sizes


      Code (inc. data)   RO Data    RW Data    ZI Data      Debug   Object Name

       776         10          0          0          0       4498   ads.o
      1332         64          0         20         60       3696   app_ads.o
        48          8          0          0          0       1654   main.o
         0          0          0          0          0     237052   misc.o
       210          0          0          0          0       1446   public.o
       292         10          0          0          0        915   spi.o
        36          8        304          0       1024        768   startup_stm32f10x_hd.o
       856         40          0          0          0       5489   stm32f10x_gpio.o
       144          0          0          0          0       7160   stm32f10x_it.o
       932         44          0         20          0       8588   stm32f10x_rcc.o
       780         14          0          0          0       6370   stm32f10x_spi.o
      1032         22          0          0          0       8216   stm32f10x_usart.o
       476         36          0         20          0       1627   system_stm32f10x.o
       164          8          0          0          0        709   usart.o

    ----------------------------------------------------------------------
      7078        264        336         60       1088     288188   Object Totals
         0          0         32          0          0          0   (incl. Generated)
         0          0          0          0          4          0   (incl. Padding)

    ----------------------------------------------------------------------

      Code (inc. data)   RO Data    RW Data    ZI Data      Debug   Library Member Name

         0          0          0          0          0          0   entry.o
         0          0          0          0          0          0   entry10a.o
         0          0          0          0          0          0   entry11a.o
         8          4          0          0          0          0   entry2.o
         4          0          0          0          0          0   entry5.o
         0          0          0          0          0          0   entry7b.o
         0          0          0          0          0          0   entry8b.o
         8          4          0          0          0          0   entry9a.o
        30          0          0          0          0          0   handlers.o
        36          8          0          0          0         68   init.o
         0          0          0          0          0          0   iusefp.o
        30          0          0          0          0         68   llshl.o
        36          0          0          0          0         68   llsshr.o
        32          0          0          0          0         68   llushr.o
        36          0          0          0          0         68   memcpya.o
        36          0          0          0          0        108   memseta.o
      2292         96          0          0          0        596   printfa.o
         0          0          0          4          0          0   stdout.o
        24          0          0          0          0         68   strcat.o
        14          0          0          0          0         68   strlen.o
        44          0          0          0          0         80   uidiv.o
        98          0          0          0          0         92   uldiv.o
        40          2          0          0          0         68   cdrcmple.o
       334          0          0          0          0        148   dadd.o
       222          0          0          0          0        100   ddiv.o
       190          0          0          0          0        176   depilogue.o
        48          0          0          0          0         68   dfixul.o
        34          0          0          0          0         76   dflti.o
       228          0          0          0          0         96   dmul.o

    ----------------------------------------------------------------------
      3830        114          0          4          0       2084   Library Totals
         6          0          0          0          0          0   (incl. Padding)

    ----------------------------------------------------------------------

      Code (inc. data)   RO Data    RW Data    ZI Data      Debug   Library Name

      2728        112          0          4          0       1352   mc_w.l
      1096          2          0          0          0        732   mf_w.l

    ----------------------------------------------------------------------
      3830        114          0          4          0       2084   Library Totals

    ----------------------------------------------------------------------

==============================================================================


      Code (inc. data)   RO Data    RW Data    ZI Data      Debug   

     10908        378        336         64       1088     288244   Grand Totals
     10908        378        336         64       1088     288244   ELF Image Totals
     10908        378        336         64          0          0   ROM Totals

==============================================================================

    Total RO  Size (Code + RO Data)                11244 (  10.98kB)
    Total RW  Size (RW Data + ZI Data)              1152 (   1.13kB)
    Total ROM Size (Code + RO Data + RW Data)      11308 (  11.04kB)

==============================================================================

